LogicLayer.h:123:2:LL::logic_t::logic_t()	16	static
Vgascreen.h:655:7:Vgascreen& Vgascreen::operator=(const Vgascreen&)	16	static
LogicLayer.cpp:90:6:void LL::init_LL()	24	static
LogicLayer.cpp:105:6:void LL::delete_LL()	8	static
LogicLayer.cpp:118:6:void LL::init_TIM5()	24	static
LogicLayer.cpp:154:5:int LL::exec()	80	static
LogicLayer.cpp:278:5:int LL::set_Command(char*)	136	static
LogicLayer.cpp:347:6:void LL::wait_Ms(int)	16	static
LogicLayer.cpp:371:5:int LL::color_To_Int(char*)	24	static
LogicLayer.cpp:395:6:void LL::TIM5_IRQHandler()	8	static
LogicLayer.h:123:2:LL::logic_t::~logic_t()	16	static
LogicLayer.cpp:415:1:void __static_initialization_and_destruction_0(int, int)	16	static
LogicLayer.cpp:415:1:cpp)	8	static
