gthr-default.h:229:1:int __gthread_key_delete(__gthread_key_t)	16	static
Vgascreen.h:13:7:Vgascreen& Vgascreen::operator=(const Vgascreen&)	16	static
LogicLayer.cpp:25:1:LogicLayer::LogicLayer()	40	static
LogicLayer.cpp:43:1:LogicLayer::~LogicLayer()	16	static
LogicLayer.cpp:43:1:virtual LogicLayer::~LogicLayer()	16	static
LogicLayer.cpp:52:5:int LogicLayer::exec()	72	static
LogicLayer.cpp:123:5:int LogicLayer::setCommand(char*)	128	static
LogicLayer.cpp:146:5:int LogicLayer::waitMs(int)	32	static
LogicLayer.cpp:161:5:int LogicLayer::colorToInt(char*)	24	static
LogicLayer.cpp:170:6:void LogicLayer::clearInputArray()	24	static
LogicLayer.cpp:176:7:char* LogicLayer::getInput(int)	16	static
LogicLayer.cpp:178:1:void __static_initialization_and_destruction_0(int, int)	16	static
LogicLayer.cpp:178:1:cpp)	8	static
